[
    {
        "k1": "hello",
        "k2": "gem"
    }
]