<?xml version="1.0" encoding="UTF-8"?>
<note>
  <k1>hola</k2>
  <k2>gem</k2>
</note>